
> survey-web@0.1.0 share
> node scripts/share.mjs


  [1/4] DB를 확인합니다…
        떠 있습니다.

  [2/4] 완성본을 만듭니다…
        이미 만들어져 있습니다. 코드를 고치셨다면 `npm run build` 를 먼저 돌리세요.

  [3/4] 앱을 3000 번에 띄웁니다…

  [4/4] 터널을 붙입니다… (20초쯤 걸립니다)
(node:3328) [DEP0190] DeprecationWarning: Passing args to a child process with shell option true can lead to security vulnerabilities, as the arguments are not escaped, only concatenated.
(Use `node --trace-deprecation ...` to show where the warning was created)
        
> survey-web@0.1.0 start
> next start

        ▲ Next.js 16.3.2
        - Local:         http://localhost:3000
- Network:       http://192.168.219.100:3000
        ✓ Ready in 130ms
        ✓ Running next.config.ts took 34ms

  ┌──────────────────────────────────────────────────────────────┐
  │  대표님께 보내실 주소                                        │
  └──────────────────────────────────────────────────────────────┘

      https://lauren-exceptional-photographic-huge.trycloudflare.com

  ⚠ 이 창을 닫거나 PC가 꺼지면 대표님도 못 보십니다.
  ⚠ 껐다 켜면 주소가 바뀝니다. 그때는 새 주소를 다시 보내주세요.

  끝내려면 Ctrl+C 를 두 번 누르세요.

